[0m[0m3D-Fade.tdf[0m
[0mAmazon.tdf[0m
[0mASCII_2.tdf[0m
[0mASCII.tdf[0m
[0mAtlantis.tdf[0m
[0mBADNESS.tdf[0m
[0mBIGICE_F.tdf[0m
[0mBigOutline.tdf[0m
[0mBLOCK3D.tdf[0m
[0mBlOOdY.tdf[0m
[0mBoldMedium.tdf[0m
[0mBowFont.tdf[0m
[0mBOW.tdf[0m
[0mBrazen2.tdf[0m
[0mBrazen.tdf[0m
[0mBrickFont.tdf[0m
[01;32mbuildfont[0m
[0mButtons.tdf[0m
[0mCALVIN_L.tdf[0m
[0mCALVIN_S.tdf[0m
[0mCALVIN.tdf[0m
[0mCFH-AMIG.tdf[0m
[0mCFH-HOER.tdf[0m
[0mCFH-SNOW.tdf[0m
[0mCLASSIC.tdf[0m
[0mCODER.tdf[0m
[0mColorRounded.tdf[0m
[0mCompact.tdf[0m
[0mCOP-BH.tdf[0m
[0mCOP_CH1.tdf[0m
[0mCRYPTIC.tdf[0m
[0mCrystal.tdf[0m
[0mCubeFont.tdf[0m
[0mDCP_1.tdf[0m
[0mDIGITAL.tdf[0m
[0mDonnow.tdf[0m
[0mElectronic.tdf[0m
[0meLiTe.tdf[0m
[0mEmberFont.tdf[0m
[0mESCAPE.tdf[0m
[0mEX-TAsY.tdf[0m
[0mFA!-#2.tdf[0m
[0mFADE-1.tdf[0m
[0mFADE-2.tdf[0m
[0mFANTASY.tdf[0m
[0mFB-COLDS.tdf[0m
[0mFB-FOGFT.tdf[0m
[0mFB-GOTH.tdf[0m
[0mFB-GRAYS.tdf[0m
[0mFB-ICE.tdf[0m
[0mFB-LINE.tdf[0m
[0mFiberFont.tdf[0m
[0mfiles.lst[0m
[0mFONT1.tdf[0m
[0mFONT2.tdf[0m
[0mFONT3.tdf[0m
[0mFONT4.tdf[0m
[0mFONT5.tdf[0m
[0mfont_index[0m
[0mFreak_10.tdf[0m
[0mFreak_11.tdf[0m
[0mFreak_13.tdf[0m
[0mFreak_2.tdf[0m
[0mFreak_4.tdf[0m
[0mFreak_5.tdf[0m
[0mFUTURE.tdf[0m
[0mGLARE.tdf[0m
[0mGleam_Metal.tdf[0m
[0mGReY_GLeaM.tdf[0m
[0mGRNSHT.tdf[0m
[0mGUARDF2.tdf[0m
[0mHACK-TDF.tdf[0m
[0mHammerFont.tdf[0m
[0mHARD-TDF.tdf[0m
[0mHOPELESS.tdf[0m
[0mHORR-TDF.tdf[0m
[0mHOUN-TDF.tdf[0m
[0mIceBlock.tdf[0m
[0mINERTIA.tdf[0m
[0mjelly.tdf[0m
[0mJsfRaster.tdf[0m
[0mJSFRASTR.tdf[0m
[0mJsfThick.tdf[0m
[0mJsfThin.tdf[0m
[0mJsfWide.tdf[0m
[0mKevin1.tdf[0m
[0mKevin2.tdf[0m
[0mKevin3.tdf[0m
[0mKevin4.tdf[0m
[0mKevin5.tdf[0m
[0mKEWL-TDF.tdf[0m
[0mKEYS.tdf[0m
[0mKOLO-TDF.tdf[0m
[0mLargeWild.tdf[0m
[0mLETTERS.tdf[0m
[0mLOST1.tdf[0m
[0mLOST2.tdf[0m
[0mMABUS.tdf[0m
[0mMAJIK.tdf[0m
[0mMAXFONT2.tdf[0m
[0mMedieval.tdf[0m
[0mMedium.tdf[0m
[0mMetalix.tdf[0m
[0mMetal.tdf[0m
[0mMIDDLAGE.tdf[0m
[0mMIDNIGHT.tdf[0m
[0mNEON.tdf[0m
[0mOUTFONT1.tdf[0m
[0mOutline.tdf[0m
[0mPASTEL.tdf[0m
[0mPUSHEAD.tdf[0m
[0mRaster.tdf[0m
[0mROD-BLUE.tdf[0m
[0mROD-GRN.tdf[0m
[0mROD-NAV.tdf[0m
[0mROD-RED.tdf[0m
[0mRoman.tdf[0m
[0mRounded.tdf[0m
[0mRUSTY.tdf[0m
[0mSavage.tdf[0m
[0mShadow.tdf[0m
[0mSilver.tdf[0m
[0mSmallRounded.tdf[0m
[0mSmAtlantis.tdf[0m
[0mSMATLANT.tdf[0m
[0mSMSTEEL.tdf[0m
[0mSpaceLink.tdf[0m
[0mSTAMPBR.tdf[0m
[0mSTAMPRED.tdf[0m
[0mSteel.tdf[0m
[0mSupreme.tdf[0m
[0mTCA.tdf[0m
[0mTECH.tdf[0m
[0mTeXT_TaGiNG.tdf[0m
[0mTHe_eDGe.tdf[0m
[0mThickOutline.tdf[0m
[0mTHIN.tdf[0m
[0mTHIS!.tdf[0m
[0mTracesFont.tdf[0m
[0mWATER.tdf[0m
[0mWEIRD.tdf[0m
[0mwild.tdf[0m
[m